src/chapters/chapters.service.ts(15,5): error TS2739: Type 'Chapter[]' is missing the following properties from type 'Chapter': id, name, subjectId
src/papers/papers.service.ts(20,5): error TS2740: Type 'Paper[]' is missing the following properties from type 'Paper': id, schoolId, title, standardId, and 5 more.
src/subjects/subjects.controller.ts(16,33): error TS2554: Expected 1 arguments, but got 0.
src/subjects/subjects.service.ts(16,5): error TS2739: Type 'Subject[]' is missing the following properties from type 'Subject': id, name, standardId
src/subscriptions/subscriptions.service.ts(15,5): error TS2740: Type 'Subscription[]' is missing the following properties from type 'Subscription': id, schoolId, planName, startDate, and 3 more.
